[backblue.gif]
[fade.gif]
[index.html]
[mirra.info/biglogo.gif]
[mirra.info/mfa-logo.jpg]
[mirra.info/pianist.jpg]
[mirra.info/welcome.gif]
[mirra.info/guitar.jpg]
[mirra.info/index.html]
[mirra.info/home-image.jpg]
[mirra.info/guestbook.gif]
[mirra.info/viji_6.gif]
[mirra.info/mother_small.gif]
[mirra.info/logo.gif]
[mirra.info/flower.jpg]
[mirra.info/Mirra_Credits.html]
[mirra.info/Mirra_Photo_Gallery.html]
[mirra.info/Achievements.html]
[mirra.info/Mirra_Links.html]
[mirra.info/MSV.html]
[mirra.info/new4a.gif]
[mirra.info/webaward2003b.jpg]
[mirra.info/LATESTNEWS.gif]
[mirra.info/home.html]
[mirra.info/images/marble.html]
[mirra.info/js/dw_event.js]
[mirra.info/js/dw_viewport.js]
[mirra.info/js/dw_tooltip.js]
[mirra.info/mirraguestbook.html]
[mirra.info/feedback.gif]
[mirra.info/SNIGDA.jpg]
[mirra.info/priya.jpg]
[mirra.info/nivedhitha.jpg]
[mirra.info/kishan.jpg]
[mirra.info/rachna.jpg]
[mirra.info/vprabakhar.jpg]
[mirra.info/amritha.jpg]
[mirra.info/CHRIS.jpg]
[mirra.info/RAJESH.jpg]
[mirra.info/riaz.jpg]
[mirra.info/malini-mohan.jpg]
[mirra.info/Mirra_Students_Feedback.html]
[mirra.info/sub-image.jpg]
[mirra.info/viji.jpg]
[mirra.info/About_Mirra_Fine_Arts.html]
[mirra.info/Keyboard_Guitar_Courses.html]
[mirra.info/Mirra_Credits.html]
[mirra.info/Yukeish.jpg]
[mirra.info/NEVER ENDING MELODY.wma]
[mirra.info/MARIA copy.jpg]
[mirra.info/RUBEN RAJALINGAM copy.jpg]
[mirra.info/MADE.mp3]
[mirra.info/CONCERT......jpg]
[mirra.info/CONCERT....jpg]
[mirra.info/REHEARSAL.jpg]
[mirra.info/SOUND CHECK.jpg]
[mirra.info/S  DIVYA.jpg]
[mirra.info/S ALAGU 01.jpg]
[mirra.info/Mirra's Ramanathan performs.jpg]
[mirra.info/Mirra's arunachalam performs.jpg]
[mirra.info/Mr Radha Vijayan conducting the BBCC.jpg]
[mirra.info/margaret.jpg]
[mirra.info/margaret_tn.jpg]
[mirra.info/branch_opening.jpg]
[mirra.info/branch_guitar.jpg]
[mirra.info/branch_keyboard.jpg]
[mirra.info/branch_keyboard2.jpg]
[mirra.info/President_SG.jpg]
[mirra.info/BUKIT_BATOK_AWARD.jpg]
[mirra.info/long_service_award_2003.jpg]
[mirra.info/guitar_course.jpg]
[mirra.info/Electric Guitar Course.jpg]
[mirra.info/12_string_guitar_course.jpg]
[mirra.info/RGC.jpg]
[mirra.info/RGC_TN.jpg]
[mirra.info/Electronic Keyboard Course.jpg]
[mirra.info/PCmusic.jpg]
[mirra.info/THE_FIRST_INDIAN_ACCAPELLA_CHOIR_IN_SINGAPORE.jpg]
[mirra.info/Radha_Vijayan_conducts_Singapore_Indian_Orchestra_Choir.jpg]
[mirra.info/Mirra_Photo_Gallery.html]
[mirra.info/bbcc_appreciation.jpg]
[mirra.info/choirswara.jpg]
[mirra.info/afua.jpg]
[mirra.info/Achievements.html]
[mirra.info/images/cal.gif]
[mirra.info/Enroll_Keyboard_Guitar_Course.html]
[mirra.info/Mirra_Links.html]
[mirra.info/MSV1.jpg]
[mirra.info/MSV2.jpg]
[mirra.info/MSV.html]
[mirra.info/Riversposter 1.jpg]
[mirra.info/revers.html]
[mirra.info/New 02. Thottu Thottu.mp3]
[mirra.info/philips.jpg]
[mirra.info/New  -  01  ENGEYUM EPPOTHUM IINH100221220.mp3]
[mirra.info/abu.jpg]
[mirra.info/New - 127_Raja Raja Chozan -00-25.mp3]
[mirra.info/SADHA.jpg]
[mirra.info/New - Ilaiya Nila - Payanangal Mudivathilai.mp3]
[mirra.info/sekhar.jpg]
[mirra.info/GUITAR_HEROES.html]
[mirra.info/news.gif]
[mirra.info/mira.jpg]
[mirra.info/Angana chakrabarti.jpg]
[mirra.info/Ganesh Muthupalani.bmp]
[mirra.info/Kannan S Chandrasegaran.jpg]
[mirra.info/Pratheesh.jpg]
[mirra.info/ShreyasRenganathan.jpg]
[mirra.info/NeerajhaRam.jpg]
[mirra.info/Niranjanaa Ram.jpg]
[mirra.info/ARVIND JAYABALAN copy.jpg]
[mirra.info/GAYATHRI RAJA copy.jpg]
[mirra.info/JAYASEELAN copy.jpg]
[mirra.info/MOHAMED RIAZUDEEN copy.jpg]
[mirra.info/vidya.jpg]
[mirra.info/vdivya.jpg]
[mirra.info/SSQS_DEEPIKA2.jpg]
[mirra.info/SSQS_NIVEDHITHA2.jpg]
[mirra.info/SSQS_SHRUTHILAYA.jpg]
[mirra.info/Mirra_Latest_News.html]
[mirra.info/logobg.html]
[mirra.info/NEVER ENDING MELODY.wma]
[mirra.info/MADE.mp3]
[mirra.info/12_string_guitar_course_tn.jpg]
[mirra.info/dhtmlgoodies_calendar/dhtmlgoodies_calendar.css]
[mirra.info/images/down_over.gif]
[mirra.info/images/down.gif]
[mirra.info/images/left.gif]
[mirra.info/images/right.gif]
[mirra.info/images/left_over.gif]
[mirra.info/images/right_over.gif]
[mirra.info/images/close.gif]
[mirra.info/images/close_over.gif]
[mirra.info/dhtmlgoodies_calendar/dhtmlgoodies_calendar.js]
[mirra.info/mirra_guest_book.html]
